>>> import sys
>>> sys.path.append('..')
>>> text_indentation = __import__('5-text_indentation').text_indentation
>>> text_indentation("Hello. How are you? Fine: Ok.")
Hello.

 How are you?

 Fine:

 Ok.

>>> text_indentation("Hi")
Hi
>>> text_indentation("")
<BLANKLINE>
>>> text_indentation(123)
Traceback (most recent call last):
...
TypeError: text must be a string
>>> text_indentation()
Traceback (most recent call last):
...
TypeError: text_indentation() missing 1 required positional argument: 'text'
